Test run for D:\work\AIHelperNET\tests\AIHelperNET.Domain.Tests\bin\Debug\net10.0\AIHelperNET.Domain.Tests.dll (.NETCoreApp,Version=v10.0)
Test run for D:\work\AIHelperNET\tests\AIHelperNET.Application.Tests\bin\Debug\net10.0\AIHelperNET.Application.Tests.dll (.NETCoreApp,Version=v10.0)
Test run for D:\work\AIHelperNET\tests\AIHelperNET.Infrastructure.Tests\bin\Debug\net10.0-windows10.0.17763.0\AIHelperNET.Infrastructure.Tests.dll (.NETCoreApp,Version=v10.0)
Test run for D:\work\AIHelperNET\tests\AIHelperNET.Integration.Tests\bin\Debug\net10.0-windows10.0.17763.0\AIHelperNET.Integration.Tests.dll (.NETCoreApp,Version=v10.0)
A total of 1 test files matched the specified pattern.A total of 1 test files matched the specified pattern.

A total of 1 test files matched the specified pattern.
A total of 1 test files matched the specified pattern.

Passed!  - Failed:     0, Passed:    56, Skipped:     0, Total:    56, Duration: 96 ms - AIHelperNET.Domain.Tests.dll (net10.0)

Passed!  - Failed:     0, Passed:     2, Skipped:     0, Total:     2, Duration: 1 s - AIHelperNET.Infrastructure.Tests.dll (net10.0)

Passed!  - Failed:     0, Passed:    28, Skipped:     0, Total:    28, Duration: 456 ms - AIHelperNET.Application.Tests.dll (net10.0)

Passed!  - Failed:     0, Passed:    10, Skipped:     0, Total:    10, Duration: 2 s - AIHelperNET.Integration.Tests.dll (net10.0)
